Starting server...
Test 1 (Valid): 200 - {'valid': True, 'vcf_version': 'VCFv4.2', 'total_variants': 15, 'pharmacogene_variants': 15, 'genes_detected': ['CYP2D6'], 'warnings': []}
Test 2 (Ext): 400 - {'valid': False, 'error_type': 'InvalidExtension', 'message': 'Uploaded file is not a valid VCF file'}
Test 3 (Header): 400 - {'valid': False, 'error_type': 'ValidationError', 'message': 'Invalid VCF header ù missing required fields'}
Test 4 (Malformed): 400 - {'valid': False, 'error_type': 'ValidationError', 'message': 'Malformed variant records detected'}
Test 5 (No Genes): 400 - {'valid': False, 'error_type': 'NoPharmacogenes', 'message': 'No pharmacogenomic variants detected in file'}
Test 6 (Missing Annot): 400 - {'valid': False, 'error_type': 'FileTooSmall', 'message': 'File size must be > 1KB'}
python : Traceback (most recent call last):
At line:1 char:1
+ python test_vcf_authenticator.py > 
test_output.txt 2>&1
+ ~~~~~~~~~~~~~~~~~~~~~~~~~~~~~~~~~~~~~~~~~~~~~~~~
~~~~~~~
    + CategoryInfo          : NotSpecified: (Trac 
   eback (most recent call last)::String) [], Re  
  moteException
    + FullyQualifiedErrorId : NativeCommandError
 
  File "C:\Users\Nilay\Downloads\vcf 
authenticator\test_vcf_authenticator.py", line 
152, in <module>
    test_authenticator()
    ~~~~~~~~~~~~~~~~~~^^
  File "C:\Users\Nilay\Downloads\vcf 
authenticator\test_vcf_authenticator.py", line 
130, in test_authenticator
    assert resp.json()["error_type"] == 
"MissingAnnotations"
           
^^^^^^^^^^^^^^^^^^^^^^^^^^^^^^^^^^^^^^^^^^^^^^^^^
AssertionError
